{
    "ANNOTATE_UNIFIED annotates VCF with WBcel235.115": {
        "content": [
            "test_snpeff.genes.txt",
            "test_snpeff.csv",
            "snpEff_summary.html",
            "test_snpeff.ann.vcf"
        ],
        "timestamp": "2026-05-30T20:58:57.646427884",
        "meta": {
            "nf-test": "0.9.4",
            "nextflow": "25.04.6"
        }
    },
    "ANNOTATE_UNIFIED annotates VCF with WBcel235.115 - stub": {
        "content": [
            "test_snpeff.genes.txt",
            "test_snpeff.csv",
            "test_snpeff.html",
            "test_snpeff.ann.vcf"
        ],
        "timestamp": "2026-05-30T20:59:08.741228436",
        "meta": {
            "nf-test": "0.9.4",
            "nextflow": "25.04.6"
        }
    }
}