{
    "homo_sapiens - sv_vcf, sv_tbi, snv_vcf, annotations - stub": {
        "content": [
            {
                "0": [
                    [
                        {
                            "id": "test"
                        },
                        [
                            "test_annotsv.tsv:md5,d41d8cd98f00b204e9800998ecf8427e",
                            "test_annotsv.unannotated.tsv:md5,d41d8cd98f00b204e9800998ecf8427e"
                        ]
                    ]
                ],
                "1": [
                    [
                        {
                            "id": "test"
                        },
                        "knot_test.html:md5,d41d8cd98f00b204e9800998ecf8427e"
                    ]
                ],
                "2": [
                    [
                        {
                            "id": "test"
                        },
                        "knot_test.xlsm:md5,d41d8cd98f00b204e9800998ecf8427e"
                    ]
                ],
                "annotsv_tsv": [
                    [
                        {
                            "id": "test"
                        },
                        [
                            "test_annotsv.tsv:md5,d41d8cd98f00b204e9800998ecf8427e",
                            "test_annotsv.unannotated.tsv:md5,d41d8cd98f00b204e9800998ecf8427e"
                        ]
                    ]
                ],
                "knot_html": [
                    [
                        {
                            "id": "test"
                        },
                        "knot_test.html:md5,d41d8cd98f00b204e9800998ecf8427e"
                    ]
                ],
                "knot_xl": [
                    [
                        {
                            "id": "test"
                        },
                        "knot_test.xlsm:md5,d41d8cd98f00b204e9800998ecf8427e"
                    ]
                ]
            }
        ],
        "meta": {
            "nf-test": "0.9.2",
            "nextflow": "24.10.6"
        },
        "timestamp": "2026-03-10T14:40:50.356258192"
    }
}