{
    "homo_sapiens - vcf, mosdepth summary, bed - stub": {
        "content": [
            "test.sniffles.downsampled_covFiltered.vcf.gz",
            [
                "versions.yml:md5,4c3b612d3507448f7037aa926249720b"
            ]
        ],
        "timestamp": "2026-06-06T12:56:06.85266909",
        "meta": {
            "nf-test": "0.9.4",
            "nextflow": "26.04.3"
        }
    }
}