{
    "homo_sapiens - mosdepth files - stub": {
        "content": [
            "test_multiqc.html",
            [
                "versions.yml:md5,6270973e9d4e808dc69851e9fa17b265"
            ]
        ],
        "timestamp": "2026-06-06T12:57:23.324586361",
        "meta": {
            "nf-test": "0.9.4",
            "nextflow": "26.04.3"
        }
    },
    "homo_sapiens - mosdepth files, with data dir - stub": {
        "content": [
            "sample1_multiqc.html",
            [
                "versions.yml:md5,6270973e9d4e808dc69851e9fa17b265"
            ]
        ],
        "timestamp": "2026-06-06T12:57:32.087235908",
        "meta": {
            "nf-test": "0.9.4",
            "nextflow": "26.04.3"
        }
    }
}